#-----------------------------------------------------------
# Vivado v2024.1.1 (64-bit)
# SW Build 5094488 on Fri Jun 14 08:59:21 MDT 2024
# IP Build 5091682 on Fri Jun 14 16:55:04 MDT 2024
# SharedData Build 5094118 on Fri Jun 14 01:09:43 MDT 2024
# Start of session at: Mon Dec 16 02:17:41 2024
# Process ID: 8036
# Current directory: C:/Users/Administrator/Documents/Xilinx/CS211_Project_Exhaust_Hood/CS211_Project_Exhaust_Hood.runs/synth_1
# Command line: vivado.exe -log top.vds -product Vivado -mode batch -messageDb vivado.pb -notrace -source top.tcl
# Log file: C:/Users/Administrator/Documents/Xilinx/CS211_Project_Exhaust_Hood/CS211_Project_Exhaust_Hood.runs/synth_1/top.vds
# Journal file: C:/Users/Administrator/Documents/Xilinx/CS211_Project_Exhaust_Hood/CS211_Project_Exhaust_Hood.runs/synth_1\vivado.jou
# Running On        :Zaddle-00PCIR
# Platform          :Windows Server 2016 or Windows 10
# Operating System  :22631
# Processor Detail  :13th Gen Intel(R) Core(TM) i5-13600KF
# CPU Frequency     :3494 MHz
# CPU Physical cores:14
# CPU Logical cores :20
# Host memory       :34163 MB
# Swap memory       :2147 MB
# Total Virtual     :36311 MB
# Available Virtual :12183 MB
#-----------------------------------------------------------
source top.tcl -notrace
